[01:49:39] development dev_h01_2020-01 complete 254.5s fits=36
[01:55:04] development dev_h01_2020-02 complete 281.6s fits=36
[01:55:04] development dev_h01_2020-03 skipped_empty_test 0.0s fits=0
[01:59:53] development dev_h01_2020-04 complete 288.3s fits=36
[02:04:45] development dev_h01_2020-05 complete 292.7s fits=36
[02:09:33] development dev_h01_2020-06 complete 287.7s fits=36
[02:14:59] development dev_h01_2020-07 complete 326.3s fits=36
[02:20:29] development dev_h01_2020-08 complete 329.2s fits=36
[02:26:01] development dev_h01_2020-09 complete 332.8s fits=36
[02:32:08] development dev_h01_2020-10 complete 366.3s fits=36
[02:38:32] development dev_h01_2020-11 complete 384.3s fits=36
[02:44:57] development dev_h01_2020-12 complete 385.0s fits=36
[02:51:20] development dev_h01_2021-01 complete 383.3s fits=36
[02:58:19] development dev_h01_2021-02 complete 419.2s fits=36
[03:05:24] development dev_h01_2021-03 complete 424.3s fits=36
[03:12:33] development dev_h01_2021-04 complete 429.6s fits=36
[03:19:52] development dev_h01_2021-05 complete 438.5s fits=36
[03:27:10] development dev_h01_2021-06 complete 438.2s fits=36
[03:34:29] development dev_h01_2021-07 complete 438.7s fits=36
[03:34:29] development dev_h01_2021-08 skipped_empty_test 0.0s fits=0
[03:41:45] development dev_h01_2021-09 complete 436.4s fits=36
[03:49:46] development dev_h01_2021-10 complete 480.6s fits=36
[03:57:51] development dev_h01_2021-11 complete 484.8s fits=36
[04:05:56] development dev_h01_2021-12 complete 485.6s fits=36
[04:14:04] development dev_h01_2022-01 complete 487.9s fits=36
[04:21:56] development dev_h01_2022-08 complete 103.2s fits=6
[04:22:01] development dev_h01_2022-12 complete 107.1s fits=6
[04:22:01] development dev_h03_2020-03 skipped_empty_test 0.0s fits=0
[04:22:01] development dev_h01_2022-11 complete 107.4s fits=6
[04:28:53] development dev_h03_2020-01 complete 518.9s fits=36
[04:30:11] development dev_h03_2020-02 complete 495.0s fits=36
[04:31:18] development dev_h03_2020-04 complete 557.7s fits=36
[04:31:35] development dev_h03_2020-05 complete 573.8s fits=36
[04:32:11] development dev_h01_2022-03 complete 718.2s fits=36
[04:37:02] development dev_h01_2022-02 complete 1008.7s fits=36
[04:37:10] development dev_h01_2022-09 complete 1017.1s fits=36
[04:37:20] development dev_h01_2022-04 complete 1026.8s fits=36
[04:37:36] development dev_h01_2022-07 complete 1042.3s fits=36
[04:37:36] development dev_h01_2022-06 complete 1043.2s fits=36
[04:37:39] development dev_h01_2022-05 complete 1045.8s fits=36
[04:38:06] development dev_h03_2020-06 complete 553.6s fits=36
[04:39:10] development dev_h01_2022-10 complete 1136.3s fits=36
[04:39:37] development dev_h03_2020-07 complete 565.2s fits=36
[04:39:45] development dev_h03_2020-10 complete 454.0s fits=36
[04:39:45] development dev_h03_2021-08 skipped_empty_test 0.0s fits=0
[04:40:44] development dev_h03_2020-08 complete 566.1s fits=36
[04:42:12] development dev_h03_2020-09 complete 636.9s fits=36
[04:48:01] development dev_h03_2020-11 complete 659.3s fits=36
[04:49:23] development dev_h03_2020-12 complete 732.6s fits=36
[04:49:50] development dev_h03_2021-09 complete 604.5s fits=36
[04:50:07] development dev_h03_2021-01 complete 767.1s fits=36
[04:50:29] development dev_h03_2021-03 complete 773.0s fits=36
[04:50:33] development dev_h03_2021-02 complete 777.8s fits=36
[04:51:47] development dev_h03_2021-04 complete 847.9s fits=36
[04:52:21] development dev_h03_2021-05 complete 854.3s fits=36
[04:53:25] development dev_h03_2021-06 complete 855.5s fits=36
[04:54:08] development dev_h03_2021-07 complete 871.2s fits=36
[04:54:59] development dev_h03_2021-10 complete 854.0s fits=36
[04:55:00] development dev_h03_2022-08 complete 94.7s fits=6
[04:56:17] development dev_h03_2021-11 complete 845.1s fits=36
[04:56:30] development dev_h03_2022-11 complete 89.8s fits=6
[04:57:48] development dev_h03_2022-12 complete 90.7s fits=6
[05:01:09] development dev_h03_2022-02 complete 679.0s fits=36
[05:01:09] development dev_h06_2020-03 skipped_empty_test 0.0s fits=0
[05:02:40] development dev_h06_2020-01 complete 370.7s fits=36
[05:03:40] development dev_h03_2021-12 complete 938.9s fits=36
[05:04:04] development dev_h06_2020-02 complete 376.2s fits=36
[05:05:12] development dev_h03_2022-01 complete 949.2s fits=36
[05:06:01] development dev_h03_2022-03 complete 953.5s fits=36
[05:06:07] development dev_h06_2020-04 complete 297.6s fits=36
[05:07:20] development dev_h03_2022-04 complete 1010.1s fits=36
[05:07:30] development dev_h03_2022-05 complete 1016.8s fits=36
[05:08:52] development dev_h03_2022-06 complete 1025.0s fits=36
[05:09:40] development dev_h03_2022-07 complete 1039.6s fits=36
[05:09:48] development dev_h06_2020-05 complete 427.8s fits=36
[05:11:01] development dev_h06_2020-06 complete 441.2s fits=36
[05:11:22] development dev_h03_2022-09 complete 1034.2s fits=36
[05:11:50] development dev_h03_2022-10 complete 1012.0s fits=36
[05:12:00] development dev_h06_2020-10 complete 353.0s fits=36
[05:12:02] development dev_h06_2020-07 complete 478.1s fits=36
[05:12:02] development dev_h06_2021-08 skipped_empty_test 0.0s fits=0
[05:13:29] development dev_h06_2020-08 complete 496.8s fits=36
[05:14:17] development dev_h06_2020-09 complete 496.7s fits=36
[05:15:38] development dev_h06_2020-11 complete 498.2s fits=36
[05:16:42] development dev_h06_2020-12 complete 551.8s fits=36
[05:18:20] development dev_h06_2021-01 complete 568.0s fits=36
[05:19:11] development dev_h06_2021-02 complete 570.4s fits=36
[05:20:22] development dev_h06_2021-07 complete 502.5s fits=36
[05:20:35] development dev_h06_2021-03 complete 646.3s fits=36
[05:22:22] development dev_h06_2021-04 complete 680.9s fits=36
[05:22:44] development dev_h06_2021-05 complete 681.7s fits=36
[05:23:06] development dev_h06_2021-06 complete 675.1s fits=36
[05:24:10] development dev_h06_2021-09 complete 728.1s fits=36
[05:24:30] development dev_h06_2022-08 complete 84.0s fits=6
[05:25:41] development dev_h06_2021-10 complete 732.1s fits=36
[05:26:33] development dev_h06_2021-11 complete 735.3s fits=36
[05:27:07] development dev_h06_2022-11 complete 86.2s fits=6
[05:27:56] development dev_h06_2022-12 complete 83.8s fits=6
[05:28:01] development dev_h06_2021-12 complete 743.6s fits=36
[05:28:01] development dev_h12_2020-03 skipped_empty_test 0.0s fits=0
[05:28:52] development dev_h06_2022-01 complete 730.2s fits=36
[05:30:13] development dev_h06_2022-04 complete 591.2s fits=36
[05:30:29] development dev_h06_2022-02 complete 728.6s fits=36
[05:32:42] development dev_h06_2022-03 complete 811.7s fits=36
[05:32:48] development dev_h12_2020-01 complete 340.3s fits=36
[05:33:30] development dev_h12_2020-02 complete 333.5s fits=36
[05:33:36] development dev_h12_2020-04 complete 335.0s fits=36
[05:34:13] development dev_h12_2020-06 complete 239.8s fits=36
[05:34:24] development dev_h06_2022-05 complete 829.2s fits=36
[05:34:32] development dev_h12_2020-05 complete 339.5s fits=36
[05:36:12] development dev_h06_2022-06 complete 829.9s fits=36
[05:36:27] development dev_h12_2020-07 complete 358.8s fits=36
[05:37:09] development dev_h06_2022-07 complete 864.9s fits=36
[05:38:52] development dev_h12_2020-08 complete 370.0s fits=36
[05:38:56] development dev_h06_2022-09 complete 886.0s fits=36
[05:39:03] development dev_h12_2020-12 complete 290.0s fits=36
[05:39:03] development dev_h12_2021-08 skipped_empty_test 0.0s fits=0
[05:39:30] development dev_h06_2022-10 complete 900.5s fits=36
[05:39:38] development dev_h12_2020-09 complete 409.7s fits=36
[05:40:21] development dev_h12_2020-10 complete 411.5s fits=36
[05:40:26] development dev_h12_2020-11 complete 409.7s fits=36
[05:42:08] development dev_h12_2021-01 complete 464.3s fits=36
[05:42:24] development dev_h12_2021-02 complete 471.9s fits=36
[05:44:02] development dev_h12_2021-03 complete 470.3s fits=36
[05:44:22] development dev_h12_2021-04 complete 474.9s fits=36
[05:45:01] development dev_h12_2021-05 complete 472.6s fits=36
[05:45:39] development dev_h12_2022-05 complete 76.6s fits=6
[05:46:15] development dev_h12_2021-09 complete 431.5s fits=36
[05:47:06] development dev_h12_2022-08 complete 51.2s fits=6
[05:47:30] development dev_h12_2021-06 complete 517.2s fits=36
[05:47:48] development dev_h12_2021-07 complete 531.9s fits=36
[05:49:07] development dev_h12_2022-11 complete 78.9s fits=6
[05:50:08] development dev_h12_2021-10 complete 638.0s fits=36
[05:50:18] development dev_h12_2021-11 complete 640.7s fits=36
[05:50:25] development dev_h12_2022-12 complete 78.5s fits=6
[05:50:57] development dev_h12_2021-12 complete 635.1s fits=36
[05:51:44] development dev_h12_2022-01 complete 677.9s fits=36
[05:53:04] development dev_h12_2022-02 complete 655.9s fits=36
[05:53:20] development dev_h12_2022-03 complete 656.0s fits=36
[05:54:45] development dev_h12_2022-04 complete 642.5s fits=36
[05:55:25] development dev_h12_2022-09 complete 499.3s fits=36
[05:55:29] development dev_h12_2022-06 complete 628.1s fits=36
[05:55:53] development dev_h12_2022-07 complete 614.2s fits=36
[05:57:32] development dev_h12_2022-10 complete 602.4s fits=36
[06:01:48] main mai_h01_2023-07 complete 80.1s fits=6
[06:01:49] main mai_h01_2023-02 complete 81.1s fits=6
[06:01:49] main mai_h01_2023-03 complete 81.4s fits=6
[06:01:49] main mai_h01_2023-08 complete 81.3s fits=6
[06:01:50] main mai_h01_2023-04 complete 82.0s fits=6
[06:01:50] main mai_h01_2023-05 complete 82.4s fits=6
[06:01:51] main mai_h01_2023-09 complete 83.0s fits=6
[06:01:51] main mai_h01_2023-06 complete 83.7s fits=6
[06:01:52] main mai_h01_2023-10 complete 84.4s fits=6
[06:01:52] main mai_h01_2023-12 complete 84.4s fits=6
[06:01:52] main mai_h01_2024-01 complete 84.6s fits=6
[06:01:52] main mai_h01_2024-12 skipped_empty_test 0.0s fits=0
[06:01:53] main mai_h01_2023-11 complete 85.4s fits=6
[06:03:09] main mai_h01_2024-02 complete 80.8s fits=6
[06:03:10] main mai_h01_2024-03 complete 81.1s fits=6
[06:03:11] main mai_h01_2024-04 complete 81.8s fits=6
[06:03:11] main mai_h01_2024-05 complete 82.5s fits=6
[06:03:12] main mai_h01_2024-07 complete 82.5s fits=6
[06:03:13] main mai_h01_2024-06 complete 83.0s fits=6
[06:03:15] main mai_h01_2024-08 complete 84.3s fits=6
[06:03:16] main mai_h01_2024-09 complete 84.7s fits=6
[06:03:17] main mai_h01_2024-11 complete 84.9s fits=6
[06:03:17] main mai_h01_2025-11 skipped_empty_test 0.0s fits=0
[06:03:17] main mai_h01_2025-12 skipped_empty_test 0.0s fits=0
[06:03:18] main mai_h01_2025-01 complete 85.2s fits=6
[06:03:18] main mai_h01_2024-10 complete 86.0s fits=6
[06:03:25] main mai_h01_2025-02 complete 91.6s fits=6
[06:04:36] main mai_h01_2025-03 complete 87.1s fits=6
[06:04:40] main mai_h01_2025-04 complete 90.5s fits=6
[06:04:43] main mai_h03_2023-05 complete 85.4s fits=6
[06:04:44] main mai_h03_2023-04 complete 86.6s fits=6
[06:04:45] main mai_h03_2023-06 complete 86.7s fits=6
[06:04:48] main mai_h01_2025-05 complete 97.1s fits=6
[06:04:50] main mai_h03_2023-07 complete 84.9s fits=6
[06:04:51] main mai_h01_2025-06 complete 99.5s fits=6
[06:04:51] main mai_h01_2025-08 complete 98.3s fits=6
[06:04:51] main mai_h01_2025-07 complete 98.9s fits=6
[06:04:55] main mai_h01_2025-09 complete 99.8s fits=6
[06:05:02] main mai_h01_2025-10 complete 105.7s fits=6
[06:06:03] main mai_h03_2023-08 complete 87.7s fits=6
[06:06:05] main mai_h03_2023-09 complete 84.7s fits=6
[06:06:08] main mai_h03_2023-10 complete 85.4s fits=6
[06:06:11] main mai_h03_2023-11 complete 87.1s fits=6
[06:06:16] main mai_h03_2023-12 complete 90.7s fits=6
[06:06:16] main mai_h03_2024-12 skipped_empty_test 0.0s fits=0
[06:06:17] main mai_h03_2024-01 complete 88.8s fits=6
[06:06:17] main mai_h03_2024-02 complete 87.5s fits=6
[06:06:18] main mai_h03_2024-03 complete 87.2s fits=6
[06:06:20] main mai_h03_2024-05 complete 88.8s fits=6
[06:06:20] main mai_h03_2024-04 complete 89.5s fits=6
[06:06:24] main mai_h03_2024-06 complete 89.6s fits=6
[06:06:29] main mai_h03_2024-07 complete 87.6s fits=6
[06:07:31] main mai_h03_2024-08 complete 87.9s fits=6
[06:07:34] main mai_h03_2024-09 complete 88.7s fits=6
[06:07:37] main mai_h03_2024-10 complete 88.8s fits=6
[06:07:37] main mai_h03_2025-11 skipped_empty_test 0.0s fits=0
[06:07:37] main mai_h03_2025-12 skipped_empty_test 0.0s fits=0
[06:07:41] main mai_h03_2024-11 complete 90.2s fits=6
[06:07:47] main mai_h03_2025-01 complete 91.6s fits=6
[06:07:48] main mai_h03_2025-02 complete 91.6s fits=6
[06:07:50] main mai_h03_2025-03 complete 92.7s fits=6
[06:07:55] main mai_h03_2025-04 complete 96.8s fits=6
[06:07:57] main mai_h03_2025-05 complete 97.0s fits=6
[06:07:58] main mai_h03_2025-06 complete 97.4s fits=6
[06:08:08] main mai_h03_2025-07 complete 103.1s fits=6
[06:08:13] main mai_h03_2025-08 complete 104.0s fits=6
[06:08:49] main mai_h06_2023-07 complete 72.0s fits=6
[06:08:51] main mai_h06_2023-08 complete 70.1s fits=6
[06:08:59] main mai_h06_2023-09 complete 72.2s fits=6
[06:09:00] main mai_h06_2023-10 complete 71.6s fits=6
[06:09:02] main mai_h06_2023-11 complete 72.4s fits=6
[06:09:04] main mai_h06_2023-12 complete 69.1s fits=6
[06:09:06] main mai_h06_2024-01 complete 68.8s fits=6
[06:09:09] main mai_h06_2024-02 complete 71.2s fits=6
[06:09:09] main mai_h06_2024-12 skipped_empty_test 0.0s fits=0
[06:09:18] main mai_h03_2025-09 complete 106.9s fits=6
[06:09:20] main mai_h03_2025-10 complete 106.2s fits=6
[06:09:21] main mai_h06_2024-03 complete 73.5s fits=6
[06:09:26] main mai_h06_2024-04 complete 72.6s fits=6
[06:10:01] main mai_h06_2024-05 complete 72.1s fits=6
[06:10:05] main mai_h06_2024-06 complete 73.5s fits=6
[06:10:14] main mai_h06_2024-08 complete 73.9s fits=6
[06:10:14] main mai_h06_2024-07 complete 74.6s fits=6
[06:10:16] main mai_h06_2024-09 complete 73.5s fits=6
[06:10:18] main mai_h06_2024-10 complete 73.6s fits=6
[06:10:18] main mai_h06_2025-11 skipped_empty_test 0.0s fits=0
[06:10:18] main mai_h06_2025-12 skipped_empty_test 0.0s fits=0
[06:10:19] main mai_h06_2024-11 complete 72.6s fits=6
[06:10:26] main mai_h06_2025-01 complete 76.7s fits=6
[06:10:33] main mai_h06_2025-02 complete 75.0s fits=6
[06:10:37] main mai_h06_2025-03 complete 76.8s fits=6
[06:10:39] main mai_h06_2025-04 complete 77.8s fits=6
[06:10:42] main mai_h06_2025-05 complete 75.9s fits=6
[06:11:19] main mai_h06_2025-06 complete 77.2s fits=6
[06:11:27] main mai_h06_2025-07 complete 82.8s fits=6
[06:11:36] main mai_h06_2025-08 complete 81.9s fits=6
[06:11:36] main mai_h06_2025-09 complete 82.3s fits=6
[06:11:44] main mai_h06_2025-10 complete 87.9s fits=6
[06:11:44] main mai_h12_2024-12 skipped_empty_test 0.0s fits=0
[06:16:35] main mai_h12_2024-02 complete 376.8s fits=6
[06:16:38] main mai_h12_2024-01 complete 380.2s fits=6
[06:16:40] main mai_h12_2024-03 complete 374.4s fits=6
[06:16:43] main mai_h12_2024-07 complete 361.1s fits=6
[06:16:47] main mai_h12_2024-06 complete 367.8s fits=6
[06:16:49] main mai_h12_2024-04 complete 375.5s fits=6
[06:16:53] main mai_h12_2024-05 complete 375.7s fits=6
[06:17:23] main mai_h12_2024-08 complete 364.3s fits=6
[06:17:52] main mai_h12_2024-10 complete 376.4s fits=6
[06:17:52] main mai_h12_2024-11 complete 376.1s fits=6
[06:17:52] main mai_h12_2025-11 skipped_empty_test 0.0s fits=0
[06:17:52] main mai_h12_2025-12 skipped_empty_test 0.0s fits=0
[06:17:56] main mai_h12_2024-09 complete 389.0s fits=6
[06:18:29] main mai_h12_2025-01 complete 405.2s fits=6
[06:23:00] main mai_h12_2025-02 complete 384.4s fits=6
[06:23:04] main mai_h12_2025-04 complete 383.8s fits=6
[06:23:11] main mai_h12_2025-05 complete 387.6s fits=6
[06:23:13] main mai_h12_2025-03 complete 395.6s fits=6
[06:23:16] main mai_h12_2025-06 complete 389.4s fits=6
[06:23:18] main mai_h12_2025-07 complete 389.6s fits=6
[06:23:21] main mai_h12_2025-08 complete 388.5s fits=6
[06:23:59] main mai_h12_2025-09 complete 396.4s fits=6
[06:24:18] main mai_h12_2025-10 complete 386.0s fits=6
[06:26:21] validation mai_h01_2023-02 complete 40.6s fits=6
[06:27:14] validation mai_h01_2025-10 complete 53.6s fits=6
[06:27:57] validation mai_h03_2023-04 complete 42.6s fits=6
[06:28:49] validation mai_h03_2025-10 complete 52.2s fits=6
[06:29:24] validation mai_h06_2023-07 complete 34.7s fits=6
[06:30:07] validation mai_h06_2025-10 complete 43.4s fits=6
[06:33:45] validation mai_h12_2024-01 complete 218.1s fits=6
[06:38:11] validation mai_h12_2025-10 complete 265.6s fits=6
[07:25:10] main_refit mai_h01_2023-09 complete 82.2s fits=6
[07:25:10] main_refit mai_h01_2023-04 complete 82.4s fits=6
[07:25:11] main_refit mai_h01_2023-02 complete 83.6s fits=6
[07:25:11] main_refit mai_h01_2023-03 complete 83.5s fits=6
[07:25:12] main_refit mai_h01_2023-06 complete 84.3s fits=6
[07:25:12] main_refit mai_h01_2023-08 complete 84.4s fits=6
[07:25:12] main_refit mai_h01_2023-07 complete 84.5s fits=6
[07:25:13] main_refit mai_h01_2023-12 complete 85.3s fits=6
[07:25:14] main_refit mai_h01_2023-11 complete 86.0s fits=6
[07:25:14] main_refit mai_h01_2023-05 complete 86.5s fits=6
[07:25:15] main_refit mai_h01_2023-10 complete 86.6s fits=6
[07:25:15] main_refit mai_h01_2024-01 complete 86.7s fits=6
[07:26:35] main_refit mai_h01_2024-03 complete 85.2s fits=6
[07:26:36] main_refit mai_h01_2024-02 complete 85.8s fits=6
[07:26:37] main_refit mai_h01_2024-05 complete 85.8s fits=6
[07:26:37] main_refit mai_h01_2024-07 complete 85.0s fits=6
[07:26:38] main_refit mai_h01_2024-06 complete 85.4s fits=6
[07:26:38] main_refit mai_h01_2024-04 complete 86.4s fits=6
[07:26:41] main_refit mai_h01_2024-08 complete 89.0s fits=6
[07:26:42] main_refit mai_h01_2024-09 complete 88.8s fits=6
[07:26:44] main_refit mai_h01_2025-01 complete 89.2s fits=6
[07:26:45] main_refit mai_h01_2024-10 complete 90.5s fits=6
[07:26:45] main_refit mai_h01_2024-11 complete 90.5s fits=6
[07:26:51] main_refit mai_h01_2025-02 complete 95.8s fits=6
[07:28:08] main_refit mai_h01_2025-03 complete 93.0s fits=6
[07:28:09] main_refit mai_h01_2025-04 complete 93.4s fits=6
[07:28:12] main_refit mai_h03_2023-04 complete 87.7s fits=6
[07:28:13] main_refit mai_h03_2023-06 complete 88.0s fits=6
[07:28:14] main_refit mai_h03_2023-05 complete 89.1s fits=6
[07:28:17] main_refit mai_h03_2023-07 complete 86.8s fits=6
[07:28:18] main_refit mai_h01_2025-05 complete 100.5s fits=6
[07:28:18] main_refit mai_h01_2025-06 complete 100.5s fits=6
[07:28:20] main_refit mai_h01_2025-08 complete 101.9s fits=6
[07:28:20] main_refit mai_h01_2025-07 complete 102.3s fits=6
[07:28:26] main_refit mai_h01_2025-09 complete 104.4s fits=6
[07:28:31] main_refit mai_h01_2025-10 complete 109.3s fits=6
[07:29:37] main_refit mai_h03_2023-09 complete 87.4s fits=6
[07:29:37] main_refit mai_h03_2023-08 complete 89.1s fits=6
[07:29:40] main_refit mai_h03_2023-10 complete 88.0s fits=6
[07:29:41] main_refit mai_h03_2023-11 complete 88.1s fits=6
[07:29:46] main_refit mai_h03_2023-12 complete 91.9s fits=6
[07:29:47] main_refit mai_h03_2024-02 complete 89.3s fits=6
[07:29:47] main_refit mai_h03_2024-01 complete 90.1s fits=6
[07:29:49] main_refit mai_h03_2024-03 complete 91.1s fits=6
[07:29:51] main_refit mai_h03_2024-05 complete 91.5s fits=6
[07:29:51] main_refit mai_h03_2024-04 complete 91.8s fits=6
[07:29:56] main_refit mai_h03_2024-06 complete 90.3s fits=6
[07:30:02] main_refit mai_h03_2024-07 complete 90.5s fits=6
[07:31:08] main_refit mai_h03_2024-08 complete 91.1s fits=6
[07:31:08] main_refit mai_h03_2024-09 complete 90.7s fits=6
[07:31:11] main_refit mai_h03_2024-10 complete 91.6s fits=6
[07:31:14] main_refit mai_h03_2024-11 complete 93.1s fits=6
[07:31:20] main_refit mai_h03_2025-02 complete 93.3s fits=6
[07:31:20] main_refit mai_h03_2025-01 complete 94.9s fits=6
[07:31:22] main_refit mai_h03_2025-03 complete 94.4s fits=6
[07:31:30] main_refit mai_h03_2025-04 complete 100.6s fits=6
[07:31:31] main_refit mai_h03_2025-05 complete 99.8s fits=6
[07:31:32] main_refit mai_h03_2025-06 complete 100.7s fits=6
[07:31:43] main_refit mai_h03_2025-07 complete 107.2s fits=6
[07:31:50] main_refit mai_h03_2025-08 complete 108.4s fits=6
[07:32:25] main_refit mai_h06_2023-07 complete 73.5s fits=6
[07:32:26] main_refit mai_h06_2023-08 complete 71.5s fits=6
[07:32:34] main_refit mai_h06_2023-10 complete 73.2s fits=6
[07:32:34] main_refit mai_h06_2023-09 complete 73.6s fits=6
[07:32:36] main_refit mai_h06_2023-11 complete 74.1s fits=6
[07:32:42] main_refit mai_h06_2023-12 complete 72.3s fits=6
[07:32:44] main_refit mai_h06_2024-01 complete 72.5s fits=6
[07:32:46] main_refit mai_h06_2024-02 complete 73.4s fits=6
[07:32:56] main_refit mai_h03_2025-10 complete 108.3s fits=6
[07:32:57] main_refit mai_h03_2025-09 complete 108.8s fits=6
[07:32:59] main_refit mai_h06_2024-03 complete 75.5s fits=6
[07:33:04] main_refit mai_h06_2024-04 complete 73.6s fits=6
[07:33:39] main_refit mai_h06_2024-05 complete 74.5s fits=6
[07:33:41] main_refit mai_h06_2024-06 complete 74.9s fits=6
[07:33:50] main_refit mai_h06_2024-08 complete 75.7s fits=6
[07:33:50] main_refit mai_h06_2024-07 complete 75.9s fits=6
[07:33:52] main_refit mai_h06_2024-09 complete 76.2s fits=6
[07:33:57] main_refit mai_h06_2024-10 complete 75.6s fits=6
[07:33:59] main_refit mai_h06_2024-11 complete 75.7s fits=6
[07:34:03] main_refit mai_h06_2025-01 complete 77.6s fits=6
[07:34:14] main_refit mai_h06_2025-02 complete 77.9s fits=6
[07:34:17] main_refit mai_h06_2025-03 complete 80.3s fits=6
[07:34:19] main_refit mai_h06_2025-04 complete 80.6s fits=6
[07:34:24] main_refit mai_h06_2025-05 complete 79.8s fits=6
[07:34:57] main_refit mai_h06_2025-06 complete 77.9s fits=6
[07:35:03] main_refit mai_h06_2025-07 complete 82.3s fits=6
[07:35:11] main_refit mai_h06_2025-08 complete 81.8s fits=6
[07:35:13] main_refit mai_h06_2025-09 complete 83.1s fits=6
[07:35:21] main_refit mai_h06_2025-10 complete 89.2s fits=6
[07:40:16] main_refit mai_h12_2024-02 complete 376.7s fits=6
[07:40:20] main_refit mai_h12_2024-01 complete 382.1s fits=6
[07:40:22] main_refit mai_h12_2024-03 complete 378.9s fits=6
[07:40:24] main_refit mai_h12_2024-06 complete 364.9s fits=6
[07:40:27] main_refit mai_h12_2024-07 complete 363.0s fits=6
[07:40:36] main_refit mai_h12_2024-04 complete 381.3s fits=6
[07:40:36] main_refit mai_h12_2024-05 complete 379.5s fits=6
[07:41:07] main_refit mai_h12_2024-08 complete 369.7s fits=6
[07:41:31] main_refit mai_h12_2024-11 complete 378.4s fits=6
[07:41:34] main_refit mai_h12_2024-10 complete 382.1s fits=6
[07:41:35] main_refit mai_h12_2024-09 complete 392.4s fits=6
[07:42:12] main_refit mai_h12_2025-01 complete 410.8s fits=6
[07:46:43] main_refit mai_h12_2025-02 complete 387.1s fits=6
[07:46:49] main_refit mai_h12_2025-03 complete 389.5s fits=6
[07:46:50] main_refit mai_h12_2025-04 complete 387.5s fits=6
[07:46:57] main_refit mai_h12_2025-06 complete 390.7s fits=6
[07:46:58] main_refit mai_h12_2025-05 complete 393.7s fits=6
[07:47:06] main_refit mai_h12_2025-08 complete 389.9s fits=6
[07:47:07] main_refit mai_h12_2025-07 complete 390.9s fits=6
[07:47:45] main_refit mai_h12_2025-09 complete 397.8s fits=6
[07:47:59] main_refit mai_h12_2025-10 complete 388.1s fits=6
