Experiment directory: C:\Users\swl00\IFPRI Dropbox\Weilun Shi\Google fund\Analysis\2.source_code\Step5_Geo_RF_trial\Food_Crisis_Cluster\FEWSNETFourClassBaseline\runs\fourclass-v2-20260928\stage2\experiment
Results directory: C:\Users\swl00\IFPRI Dropbox\Weilun Shi\Google fund\Analysis\2.source_code\Step5_Geo_RF_trial\Food_Crisis_Cluster\FEWSNETFourClassBaseline\runs\fourclass-v2-20260928\stage2\experiment\GeoRFResults
Found 27 results files
Loaded results_df_gp_fs1_2018_2018_m02.csv: 1 rows
Loaded results_df_gp_fs1_2018_2018_m06.csv: 1 rows
Loaded results_df_gp_fs1_2018_2018_m10.csv: 1 rows
Loaded results_df_gp_fs1_2019_2019_m02.csv: 1 rows
Loaded results_df_gp_fs1_2019_2019_m06.csv: 1 rows
Loaded results_df_gp_fs1_2019_2019_m10.csv: 1 rows
Loaded results_df_gp_fs1_2020_2020_m02.csv: 1 rows
Loaded results_df_gp_fs1_2020_2020_m06.csv: 1 rows
Loaded results_df_gp_fs1_2020_2020_m10.csv: 1 rows
Loaded results_df_gp_fs2_2018_2018_m02.csv: 1 rows
Loaded results_df_gp_fs2_2018_2018_m06.csv: 1 rows
Loaded results_df_gp_fs2_2018_2018_m10.csv: 1 rows
Loaded results_df_gp_fs2_2019_2019_m02.csv: 1 rows
Loaded results_df_gp_fs2_2019_2019_m06.csv: 1 rows
Loaded results_df_gp_fs2_2019_2019_m10.csv: 1 rows
Loaded results_df_gp_fs2_2020_2020_m02.csv: 1 rows
Loaded results_df_gp_fs2_2020_2020_m06.csv: 1 rows
Loaded results_df_gp_fs2_2020_2020_m10.csv: 1 rows
Loaded results_df_gp_fs3_2018_2018_m02.csv: 1 rows
Loaded results_df_gp_fs3_2018_2018_m06.csv: 1 rows
Loaded results_df_gp_fs3_2018_2018_m10.csv: 1 rows
Loaded results_df_gp_fs3_2019_2019_m02.csv: 1 rows
Loaded results_df_gp_fs3_2019_2019_m06.csv: 1 rows
Loaded results_df_gp_fs3_2019_2019_m10.csv: 1 rows
Loaded results_df_gp_fs3_2020_2020_m02.csv: 1 rows
Loaded results_df_gp_fs3_2020_2020_m06.csv: 1 rows
Loaded results_df_gp_fs3_2020_2020_m10.csv: 1 rows
Combined results rows: 27
Loaded 27 correspondence tables
Merge status counts:
status
success    27
Name: count, dtype: int64
Successfully merged: 27 / 27
Saved pickle: C:\Users\swl00\IFPRI Dropbox\Weilun Shi\Google fund\Analysis\2.source_code\Step5_Geo_RF_trial\Food_Crisis_Cluster\FEWSNETFourClassBaseline\runs\fourclass-v2-20260928\stage2\experiment\merged_correspondence_tables.pkl
Saved merged CSVs: C:\Users\swl00\IFPRI Dropbox\Weilun Shi\Google fund\Analysis\2.source_code\Step5_Geo_RF_trial\Food_Crisis_Cluster\FEWSNETFourClassBaseline\runs\fourclass-v2-20260928\stage2\experiment\merged_correspondence_tables
Step 1 merge completed
