launch: python 3.12.10 sys.flags.optimize = 0
*** TRANSFORMATION.PY MODULE LOADED - DEBUG LOGGING ACTIVE ***
C:\Users\swl00\IFPRI Dropbox\Weilun Shi\Google fund\Analysis\2.source_code\Step5_Geo_RF_trial\Food_Crisis_Cluster\.trellis\tasks\10-01-geoxgb-shared-parameter-design\research\d52_binary_root.py:839: DtypeWarning: Columns (12) have mixed types. Specify dtype option on import or set low_memory=False.
  base = pd.read_csv(base_path)
C:\Users\swl00\IFPRI Dropbox\Weilun Shi\Google fund\Analysis\2.source_code\Step5_Geo_RF_trial\Food_Crisis_Cluster\FEWSNETGeoXGBExperiment\src\customize\customize.py:401: FutureWarning: 'M' is deprecated and will be removed in a future version, please use 'ME' instead.
  if test_month.freq != 'M':
Medium memory system (31.8GB): Using N_JOBS=4
Final N_JOBS configuration: 4

================================================================================
MONTHLY SPLIT | TEST=2018-06 | LAG=4 months
================================================================================
TRAIN: 2013-03-01 to 2018-01-31 (59 months, 85780 samples)
TEST:  2018-06-01 to 2018-06-30 (1 month, 5364 samples)
TRAIN ends 4 months before TEST | Gap ensures no leakage
Disjoint: TRAIN < 2018-02-01 <= ... <= 2018-06-01 <= TEST
================================================================================

h4_2018-06_G1_r80_s42_e1pair: gate passed
C:\Users\swl00\IFPRI Dropbox\Weilun Shi\Google fund\Analysis\2.source_code\Step5_Geo_RF_trial\Food_Crisis_Cluster\FEWSNETGeoXGBExperiment\src\customize\customize.py:401: FutureWarning: 'M' is deprecated and will be removed in a future version, please use 'ME' instead.
  if test_month.freq != 'M':

================================================================================
MONTHLY SPLIT | TEST=2018-10 | LAG=4 months
================================================================================
TRAIN: 2013-07-01 to 2018-05-31 (59 months, 86294 samples)
TEST:  2018-10-01 to 2018-10-31 (1 month, 5365 samples)
TRAIN ends 4 months before TEST | Gap ensures no leakage
Disjoint: TRAIN < 2018-06-01 <= ... <= 2018-10-01 <= TEST
================================================================================

h4_2018-10_G1_r80_s42_e1pair: gate passed
C:\Users\swl00\IFPRI Dropbox\Weilun Shi\Google fund\Analysis\2.source_code\Step5_Geo_RF_trial\Food_Crisis_Cluster\FEWSNETGeoXGBExperiment\src\customize\customize.py:401: FutureWarning: 'M' is deprecated and will be removed in a future version, please use 'ME' instead.
  if test_month.freq != 'M':

================================================================================
MONTHLY SPLIT | TEST=2019-02 | LAG=4 months
================================================================================
TRAIN: 2013-11-01 to 2018-09-30 (59 months, 81946 samples)
TEST:  2019-02-01 to 2019-02-28 (1 month, 5365 samples)
TRAIN ends 4 months before TEST | Gap ensures no leakage
Disjoint: TRAIN < 2018-10-01 <= ... <= 2019-02-01 <= TEST
================================================================================

h4_2019-02_G1_r80_s42_e1pair: gate passed
C:\Users\swl00\IFPRI Dropbox\Weilun Shi\Google fund\Analysis\2.source_code\Step5_Geo_RF_trial\Food_Crisis_Cluster\FEWSNETGeoXGBExperiment\src\customize\customize.py:401: FutureWarning: 'M' is deprecated and will be removed in a future version, please use 'ME' instead.
  if test_month.freq != 'M':

================================================================================
MONTHLY SPLIT | TEST=2019-06 | LAG=4 months
================================================================================
TRAIN: 2014-03-01 to 2019-01-31 (59 months, 82455 samples)
TEST:  2019-06-01 to 2019-06-30 (1 month, 5365 samples)
TRAIN ends 4 months before TEST | Gap ensures no leakage
Disjoint: TRAIN < 2019-02-01 <= ... <= 2019-06-01 <= TEST
================================================================================

h4_2019-06_G1_r80_s42_e1pair: gate passed
C:\Users\swl00\IFPRI Dropbox\Weilun Shi\Google fund\Analysis\2.source_code\Step5_Geo_RF_trial\Food_Crisis_Cluster\FEWSNETGeoXGBExperiment\src\customize\customize.py:401: FutureWarning: 'M' is deprecated and will be removed in a future version, please use 'ME' instead.
  if test_month.freq != 'M':

================================================================================
MONTHLY SPLIT | TEST=2019-10 | LAG=4 months
================================================================================
TRAIN: 2014-07-01 to 2019-05-31 (59 months, 82964 samples)
TEST:  2019-10-01 to 2019-10-31 (1 month, 5365 samples)
TRAIN ends 4 months before TEST | Gap ensures no leakage
Disjoint: TRAIN < 2019-06-01 <= ... <= 2019-10-01 <= TEST
================================================================================

h4_2019-10_G1_r80_s42_e1pair: gate passed
C:\Users\swl00\IFPRI Dropbox\Weilun Shi\Google fund\Analysis\2.source_code\Step5_Geo_RF_trial\Food_Crisis_Cluster\FEWSNETGeoXGBExperiment\src\customize\customize.py:401: FutureWarning: 'M' is deprecated and will be removed in a future version, please use 'ME' instead.
  if test_month.freq != 'M':

================================================================================
MONTHLY SPLIT | TEST=2020-02 | LAG=4 months
================================================================================
TRAIN: 2014-11-01 to 2019-09-30 (59 months, 78467 samples)
TEST:  2020-02-01 to 2020-02-29 (1 month, 5506 samples)
TRAIN ends 4 months before TEST | Gap ensures no leakage
Disjoint: TRAIN < 2019-10-01 <= ... <= 2020-02-01 <= TEST
================================================================================

h4_2020-02_G1_r80_s42_e1pair: gate passed
C:\Users\swl00\IFPRI Dropbox\Weilun Shi\Google fund\Analysis\2.source_code\Step5_Geo_RF_trial\Food_Crisis_Cluster\FEWSNETGeoXGBExperiment\src\customize\customize.py:401: FutureWarning: 'M' is deprecated and will be removed in a future version, please use 'ME' instead.
  if test_month.freq != 'M':

================================================================================
MONTHLY SPLIT | TEST=2020-06 | LAG=4 months
================================================================================
TRAIN: 2015-03-01 to 2020-01-31 (59 months, 78826 samples)
TEST:  2020-06-01 to 2020-06-30 (1 month, 5506 samples)
TRAIN ends 4 months before TEST | Gap ensures no leakage
Disjoint: TRAIN < 2020-02-01 <= ... <= 2020-06-01 <= TEST
================================================================================

h4_2020-06_G1_r80_s42_e1pair: gate passed
C:\Users\swl00\IFPRI Dropbox\Weilun Shi\Google fund\Analysis\2.source_code\Step5_Geo_RF_trial\Food_Crisis_Cluster\FEWSNETGeoXGBExperiment\src\customize\customize.py:401: FutureWarning: 'M' is deprecated and will be removed in a future version, please use 'ME' instead.
  if test_month.freq != 'M':

================================================================================
MONTHLY SPLIT | TEST=2018-06 | LAG=8 months
================================================================================
TRAIN: 2012-11-01 to 2017-09-30 (59 months, 85272 samples)
TEST:  2018-06-01 to 2018-06-30 (1 month, 5364 samples)
TRAIN ends 8 months before TEST | Gap ensures no leakage
Disjoint: TRAIN < 2017-10-01 <= ... <= 2018-06-01 <= TEST
================================================================================

h8_2018-06_G4_r80_s42_e1pair: gate passed
C:\Users\swl00\IFPRI Dropbox\Weilun Shi\Google fund\Analysis\2.source_code\Step5_Geo_RF_trial\Food_Crisis_Cluster\FEWSNETGeoXGBExperiment\src\customize\customize.py:401: FutureWarning: 'M' is deprecated and will be removed in a future version, please use 'ME' instead.
  if test_month.freq != 'M':

================================================================================
MONTHLY SPLIT | TEST=2018-10 | LAG=8 months
================================================================================
TRAIN: 2013-03-01 to 2018-01-31 (59 months, 85786 samples)
TEST:  2018-10-01 to 2018-10-31 (1 month, 5365 samples)
TRAIN ends 8 months before TEST | Gap ensures no leakage
Disjoint: TRAIN < 2018-02-01 <= ... <= 2018-10-01 <= TEST
================================================================================

h8_2018-10_G4_r80_s42_e1pair: gate passed
C:\Users\swl00\IFPRI Dropbox\Weilun Shi\Google fund\Analysis\2.source_code\Step5_Geo_RF_trial\Food_Crisis_Cluster\FEWSNETGeoXGBExperiment\src\customize\customize.py:401: FutureWarning: 'M' is deprecated and will be removed in a future version, please use 'ME' instead.
  if test_month.freq != 'M':

================================================================================
MONTHLY SPLIT | TEST=2019-02 | LAG=8 months
================================================================================
TRAIN: 2013-07-01 to 2018-05-31 (59 months, 86294 samples)
TEST:  2019-02-01 to 2019-02-28 (1 month, 5365 samples)
TRAIN ends 8 months before TEST | Gap ensures no leakage
Disjoint: TRAIN < 2018-06-01 <= ... <= 2019-02-01 <= TEST
================================================================================

h8_2019-02_G4_r80_s42_e1pair: gate passed
C:\Users\swl00\IFPRI Dropbox\Weilun Shi\Google fund\Analysis\2.source_code\Step5_Geo_RF_trial\Food_Crisis_Cluster\FEWSNETGeoXGBExperiment\src\customize\customize.py:401: FutureWarning: 'M' is deprecated and will be removed in a future version, please use 'ME' instead.
  if test_month.freq != 'M':

================================================================================
MONTHLY SPLIT | TEST=2019-06 | LAG=8 months
================================================================================
TRAIN: 2013-11-01 to 2018-09-30 (59 months, 81946 samples)
TEST:  2019-06-01 to 2019-06-30 (1 month, 5365 samples)
TRAIN ends 8 months before TEST | Gap ensures no leakage
Disjoint: TRAIN < 2018-10-01 <= ... <= 2019-06-01 <= TEST
================================================================================

h8_2019-06_G4_r80_s42_e1pair: gate passed
C:\Users\swl00\IFPRI Dropbox\Weilun Shi\Google fund\Analysis\2.source_code\Step5_Geo_RF_trial\Food_Crisis_Cluster\FEWSNETGeoXGBExperiment\src\customize\customize.py:401: FutureWarning: 'M' is deprecated and will be removed in a future version, please use 'ME' instead.
  if test_month.freq != 'M':

================================================================================
MONTHLY SPLIT | TEST=2019-10 | LAG=8 months
================================================================================
TRAIN: 2014-03-01 to 2019-01-31 (59 months, 82455 samples)
TEST:  2019-10-01 to 2019-10-31 (1 month, 5365 samples)
TRAIN ends 8 months before TEST | Gap ensures no leakage
Disjoint: TRAIN < 2019-02-01 <= ... <= 2019-10-01 <= TEST
================================================================================

h8_2019-10_G4_r80_s42_e1pair: gate passed
C:\Users\swl00\IFPRI Dropbox\Weilun Shi\Google fund\Analysis\2.source_code\Step5_Geo_RF_trial\Food_Crisis_Cluster\FEWSNETGeoXGBExperiment\src\customize\customize.py:401: FutureWarning: 'M' is deprecated and will be removed in a future version, please use 'ME' instead.
  if test_month.freq != 'M':

================================================================================
MONTHLY SPLIT | TEST=2020-02 | LAG=8 months
================================================================================
TRAIN: 2014-07-01 to 2019-05-31 (59 months, 82964 samples)
TEST:  2020-02-01 to 2020-02-29 (1 month, 5506 samples)
TRAIN ends 8 months before TEST | Gap ensures no leakage
Disjoint: TRAIN < 2019-06-01 <= ... <= 2020-02-01 <= TEST
================================================================================

h8_2020-02_G4_r80_s42_e1pair: gate passed
C:\Users\swl00\IFPRI Dropbox\Weilun Shi\Google fund\Analysis\2.source_code\Step5_Geo_RF_trial\Food_Crisis_Cluster\FEWSNETGeoXGBExperiment\src\customize\customize.py:401: FutureWarning: 'M' is deprecated and will be removed in a future version, please use 'ME' instead.
  if test_month.freq != 'M':

================================================================================
MONTHLY SPLIT | TEST=2020-06 | LAG=8 months
================================================================================
TRAIN: 2014-11-01 to 2019-09-30 (59 months, 78467 samples)
TEST:  2020-06-01 to 2020-06-30 (1 month, 5506 samples)
TRAIN ends 8 months before TEST | Gap ensures no leakage
Disjoint: TRAIN < 2019-10-01 <= ... <= 2020-06-01 <= TEST
================================================================================

h8_2020-06_G4_r80_s42_e1pair: gate passed
C:\Users\swl00\IFPRI Dropbox\Weilun Shi\Google fund\Analysis\2.source_code\Step5_Geo_RF_trial\Food_Crisis_Cluster\FEWSNETGeoXGBExperiment\src\customize\customize.py:401: FutureWarning: 'M' is deprecated and will be removed in a future version, please use 'ME' instead.
  if test_month.freq != 'M':

================================================================================
MONTHLY SPLIT | TEST=2018-06 | LAG=12 months
================================================================================
TRAIN: 2012-07-01 to 2017-05-31 (59 months, 89621 samples)
TEST:  2018-06-01 to 2018-06-30 (1 month, 5364 samples)
TRAIN ends 12 months before TEST | Gap ensures no leakage
Disjoint: TRAIN < 2017-06-01 <= ... <= 2018-06-01 <= TEST
================================================================================

h12_2018-06_G2_r80_s42_e1pair: gate passed
C:\Users\swl00\IFPRI Dropbox\Weilun Shi\Google fund\Analysis\2.source_code\Step5_Geo_RF_trial\Food_Crisis_Cluster\FEWSNETGeoXGBExperiment\src\customize\customize.py:401: FutureWarning: 'M' is deprecated and will be removed in a future version, please use 'ME' instead.
  if test_month.freq != 'M':

================================================================================
MONTHLY SPLIT | TEST=2018-10 | LAG=12 months
================================================================================
TRAIN: 2012-11-01 to 2017-09-30 (59 months, 85278 samples)
TEST:  2018-10-01 to 2018-10-31 (1 month, 5365 samples)
TRAIN ends 12 months before TEST | Gap ensures no leakage
Disjoint: TRAIN < 2017-10-01 <= ... <= 2018-10-01 <= TEST
================================================================================

h12_2018-10_G2_r80_s42_e1pair: gate passed
C:\Users\swl00\IFPRI Dropbox\Weilun Shi\Google fund\Analysis\2.source_code\Step5_Geo_RF_trial\Food_Crisis_Cluster\FEWSNETGeoXGBExperiment\src\customize\customize.py:401: FutureWarning: 'M' is deprecated and will be removed in a future version, please use 'ME' instead.
  if test_month.freq != 'M':

================================================================================
MONTHLY SPLIT | TEST=2019-02 | LAG=12 months
================================================================================
TRAIN: 2013-03-01 to 2018-01-31 (59 months, 85786 samples)
TEST:  2019-02-01 to 2019-02-28 (1 month, 5365 samples)
TRAIN ends 12 months before TEST | Gap ensures no leakage
Disjoint: TRAIN < 2018-02-01 <= ... <= 2019-02-01 <= TEST
================================================================================

h12_2019-02_G2_r80_s42_e1pair: gate passed
C:\Users\swl00\IFPRI Dropbox\Weilun Shi\Google fund\Analysis\2.source_code\Step5_Geo_RF_trial\Food_Crisis_Cluster\FEWSNETGeoXGBExperiment\src\customize\customize.py:401: FutureWarning: 'M' is deprecated and will be removed in a future version, please use 'ME' instead.
  if test_month.freq != 'M':

================================================================================
MONTHLY SPLIT | TEST=2019-06 | LAG=12 months
================================================================================
TRAIN: 2013-07-01 to 2018-05-31 (59 months, 86294 samples)
TEST:  2019-06-01 to 2019-06-30 (1 month, 5365 samples)
TRAIN ends 12 months before TEST | Gap ensures no leakage
Disjoint: TRAIN < 2018-06-01 <= ... <= 2019-06-01 <= TEST
================================================================================

h12_2019-06_G2_r80_s42_e1pair: gate passed
C:\Users\swl00\IFPRI Dropbox\Weilun Shi\Google fund\Analysis\2.source_code\Step5_Geo_RF_trial\Food_Crisis_Cluster\FEWSNETGeoXGBExperiment\src\customize\customize.py:401: FutureWarning: 'M' is deprecated and will be removed in a future version, please use 'ME' instead.
  if test_month.freq != 'M':

================================================================================
MONTHLY SPLIT | TEST=2019-10 | LAG=12 months
================================================================================
TRAIN: 2013-11-01 to 2018-09-30 (59 months, 81946 samples)
TEST:  2019-10-01 to 2019-10-31 (1 month, 5365 samples)
TRAIN ends 12 months before TEST | Gap ensures no leakage
Disjoint: TRAIN < 2018-10-01 <= ... <= 2019-10-01 <= TEST
================================================================================

h12_2019-10_G2_r80_s42_e1pair: gate passed
C:\Users\swl00\IFPRI Dropbox\Weilun Shi\Google fund\Analysis\2.source_code\Step5_Geo_RF_trial\Food_Crisis_Cluster\FEWSNETGeoXGBExperiment\src\customize\customize.py:401: FutureWarning: 'M' is deprecated and will be removed in a future version, please use 'ME' instead.
  if test_month.freq != 'M':

================================================================================
MONTHLY SPLIT | TEST=2020-02 | LAG=12 months
================================================================================
TRAIN: 2014-03-01 to 2019-01-31 (59 months, 82455 samples)
TEST:  2020-02-01 to 2020-02-29 (1 month, 5506 samples)
TRAIN ends 12 months before TEST | Gap ensures no leakage
Disjoint: TRAIN < 2019-02-01 <= ... <= 2020-02-01 <= TEST
================================================================================

h12_2020-02_G2_r80_s42_e1pair: gate passed
C:\Users\swl00\IFPRI Dropbox\Weilun Shi\Google fund\Analysis\2.source_code\Step5_Geo_RF_trial\Food_Crisis_Cluster\FEWSNETGeoXGBExperiment\src\customize\customize.py:401: FutureWarning: 'M' is deprecated and will be removed in a future version, please use 'ME' instead.
  if test_month.freq != 'M':

================================================================================
MONTHLY SPLIT | TEST=2020-06 | LAG=12 months
================================================================================
TRAIN: 2014-07-01 to 2019-05-31 (59 months, 82964 samples)
TEST:  2020-06-01 to 2020-06-30 (1 month, 5506 samples)
TRAIN ends 12 months before TEST | Gap ensures no leakage
Disjoint: TRAIN < 2019-06-01 <= ... <= 2020-06-01 <= TEST
================================================================================

h12_2020-06_G2_r80_s42_e1pair: gate passed
C:\Users\swl00\IFPRI Dropbox\Weilun Shi\Google fund\Analysis\2.source_code\Step5_Geo_RF_trial\Food_Crisis_Cluster\FEWSNETGeoXGBExperiment\src\customize\customize.py:401: FutureWarning: 'M' is deprecated and will be removed in a future version, please use 'ME' instead.
  if test_month.freq != 'M':

================================================================================
MONTHLY SPLIT | TEST=2018-06 | LAG=4 months
================================================================================
TRAIN: 2013-03-01 to 2018-01-31 (59 months, 85780 samples)
TEST:  2018-06-01 to 2018-06-30 (1 month, 5364 samples)
TRAIN ends 4 months before TEST | Gap ensures no leakage
Disjoint: TRAIN < 2018-02-01 <= ... <= 2018-06-01 <= TEST
================================================================================

h4_2018-06_G1_r80_s42_e1pair: fit passed
C:\Users\swl00\IFPRI Dropbox\Weilun Shi\Google fund\Analysis\2.source_code\Step5_Geo_RF_trial\Food_Crisis_Cluster\FEWSNETGeoXGBExperiment\src\customize\customize.py:401: FutureWarning: 'M' is deprecated and will be removed in a future version, please use 'ME' instead.
  if test_month.freq != 'M':

================================================================================
MONTHLY SPLIT | TEST=2018-10 | LAG=4 months
================================================================================
TRAIN: 2013-07-01 to 2018-05-31 (59 months, 86294 samples)
TEST:  2018-10-01 to 2018-10-31 (1 month, 5365 samples)
TRAIN ends 4 months before TEST | Gap ensures no leakage
Disjoint: TRAIN < 2018-06-01 <= ... <= 2018-10-01 <= TEST
================================================================================

h4_2018-10_G1_r80_s42_e1pair: fit passed
C:\Users\swl00\IFPRI Dropbox\Weilun Shi\Google fund\Analysis\2.source_code\Step5_Geo_RF_trial\Food_Crisis_Cluster\FEWSNETGeoXGBExperiment\src\customize\customize.py:401: FutureWarning: 'M' is deprecated and will be removed in a future version, please use 'ME' instead.
  if test_month.freq != 'M':

================================================================================
MONTHLY SPLIT | TEST=2019-02 | LAG=4 months
================================================================================
TRAIN: 2013-11-01 to 2018-09-30 (59 months, 81946 samples)
TEST:  2019-02-01 to 2019-02-28 (1 month, 5365 samples)
TRAIN ends 4 months before TEST | Gap ensures no leakage
Disjoint: TRAIN < 2018-10-01 <= ... <= 2019-02-01 <= TEST
================================================================================

h4_2019-02_G1_r80_s42_e1pair: fit passed
C:\Users\swl00\IFPRI Dropbox\Weilun Shi\Google fund\Analysis\2.source_code\Step5_Geo_RF_trial\Food_Crisis_Cluster\FEWSNETGeoXGBExperiment\src\customize\customize.py:401: FutureWarning: 'M' is deprecated and will be removed in a future version, please use 'ME' instead.
  if test_month.freq != 'M':

================================================================================
MONTHLY SPLIT | TEST=2019-06 | LAG=4 months
================================================================================
TRAIN: 2014-03-01 to 2019-01-31 (59 months, 82455 samples)
TEST:  2019-06-01 to 2019-06-30 (1 month, 5365 samples)
TRAIN ends 4 months before TEST | Gap ensures no leakage
Disjoint: TRAIN < 2019-02-01 <= ... <= 2019-06-01 <= TEST
================================================================================

h4_2019-06_G1_r80_s42_e1pair: fit passed
C:\Users\swl00\IFPRI Dropbox\Weilun Shi\Google fund\Analysis\2.source_code\Step5_Geo_RF_trial\Food_Crisis_Cluster\FEWSNETGeoXGBExperiment\src\customize\customize.py:401: FutureWarning: 'M' is deprecated and will be removed in a future version, please use 'ME' instead.
  if test_month.freq != 'M':

================================================================================
MONTHLY SPLIT | TEST=2019-10 | LAG=4 months
================================================================================
TRAIN: 2014-07-01 to 2019-05-31 (59 months, 82964 samples)
TEST:  2019-10-01 to 2019-10-31 (1 month, 5365 samples)
TRAIN ends 4 months before TEST | Gap ensures no leakage
Disjoint: TRAIN < 2019-06-01 <= ... <= 2019-10-01 <= TEST
================================================================================

h4_2019-10_G1_r80_s42_e1pair: fit passed
C:\Users\swl00\IFPRI Dropbox\Weilun Shi\Google fund\Analysis\2.source_code\Step5_Geo_RF_trial\Food_Crisis_Cluster\FEWSNETGeoXGBExperiment\src\customize\customize.py:401: FutureWarning: 'M' is deprecated and will be removed in a future version, please use 'ME' instead.
  if test_month.freq != 'M':

================================================================================
MONTHLY SPLIT | TEST=2020-02 | LAG=4 months
================================================================================
TRAIN: 2014-11-01 to 2019-09-30 (59 months, 78467 samples)
TEST:  2020-02-01 to 2020-02-29 (1 month, 5506 samples)
TRAIN ends 4 months before TEST | Gap ensures no leakage
Disjoint: TRAIN < 2019-10-01 <= ... <= 2020-02-01 <= TEST
================================================================================

h4_2020-02_G1_r80_s42_e1pair: fit passed
C:\Users\swl00\IFPRI Dropbox\Weilun Shi\Google fund\Analysis\2.source_code\Step5_Geo_RF_trial\Food_Crisis_Cluster\FEWSNETGeoXGBExperiment\src\customize\customize.py:401: FutureWarning: 'M' is deprecated and will be removed in a future version, please use 'ME' instead.
  if test_month.freq != 'M':

================================================================================
MONTHLY SPLIT | TEST=2020-06 | LAG=4 months
================================================================================
TRAIN: 2015-03-01 to 2020-01-31 (59 months, 78826 samples)
TEST:  2020-06-01 to 2020-06-30 (1 month, 5506 samples)
TRAIN ends 4 months before TEST | Gap ensures no leakage
Disjoint: TRAIN < 2020-02-01 <= ... <= 2020-06-01 <= TEST
================================================================================

h4_2020-06_G1_r80_s42_e1pair: fit passed
C:\Users\swl00\IFPRI Dropbox\Weilun Shi\Google fund\Analysis\2.source_code\Step5_Geo_RF_trial\Food_Crisis_Cluster\FEWSNETGeoXGBExperiment\src\customize\customize.py:401: FutureWarning: 'M' is deprecated and will be removed in a future version, please use 'ME' instead.
  if test_month.freq != 'M':

================================================================================
MONTHLY SPLIT | TEST=2018-06 | LAG=8 months
================================================================================
TRAIN: 2012-11-01 to 2017-09-30 (59 months, 85272 samples)
TEST:  2018-06-01 to 2018-06-30 (1 month, 5364 samples)
TRAIN ends 8 months before TEST | Gap ensures no leakage
Disjoint: TRAIN < 2017-10-01 <= ... <= 2018-06-01 <= TEST
================================================================================

h8_2018-06_G4_r80_s42_e1pair: fit passed
C:\Users\swl00\IFPRI Dropbox\Weilun Shi\Google fund\Analysis\2.source_code\Step5_Geo_RF_trial\Food_Crisis_Cluster\FEWSNETGeoXGBExperiment\src\customize\customize.py:401: FutureWarning: 'M' is deprecated and will be removed in a future version, please use 'ME' instead.
  if test_month.freq != 'M':

================================================================================
MONTHLY SPLIT | TEST=2018-10 | LAG=8 months
================================================================================
TRAIN: 2013-03-01 to 2018-01-31 (59 months, 85786 samples)
TEST:  2018-10-01 to 2018-10-31 (1 month, 5365 samples)
TRAIN ends 8 months before TEST | Gap ensures no leakage
Disjoint: TRAIN < 2018-02-01 <= ... <= 2018-10-01 <= TEST
================================================================================

h8_2018-10_G4_r80_s42_e1pair: fit passed
C:\Users\swl00\IFPRI Dropbox\Weilun Shi\Google fund\Analysis\2.source_code\Step5_Geo_RF_trial\Food_Crisis_Cluster\FEWSNETGeoXGBExperiment\src\customize\customize.py:401: FutureWarning: 'M' is deprecated and will be removed in a future version, please use 'ME' instead.
  if test_month.freq != 'M':

================================================================================
MONTHLY SPLIT | TEST=2019-02 | LAG=8 months
================================================================================
TRAIN: 2013-07-01 to 2018-05-31 (59 months, 86294 samples)
TEST:  2019-02-01 to 2019-02-28 (1 month, 5365 samples)
TRAIN ends 8 months before TEST | Gap ensures no leakage
Disjoint: TRAIN < 2018-06-01 <= ... <= 2019-02-01 <= TEST
================================================================================

h8_2019-02_G4_r80_s42_e1pair: fit passed
C:\Users\swl00\IFPRI Dropbox\Weilun Shi\Google fund\Analysis\2.source_code\Step5_Geo_RF_trial\Food_Crisis_Cluster\FEWSNETGeoXGBExperiment\src\customize\customize.py:401: FutureWarning: 'M' is deprecated and will be removed in a future version, please use 'ME' instead.
  if test_month.freq != 'M':

================================================================================
MONTHLY SPLIT | TEST=2019-06 | LAG=8 months
================================================================================
TRAIN: 2013-11-01 to 2018-09-30 (59 months, 81946 samples)
TEST:  2019-06-01 to 2019-06-30 (1 month, 5365 samples)
TRAIN ends 8 months before TEST | Gap ensures no leakage
Disjoint: TRAIN < 2018-10-01 <= ... <= 2019-06-01 <= TEST
================================================================================

h8_2019-06_G4_r80_s42_e1pair: fit passed
C:\Users\swl00\IFPRI Dropbox\Weilun Shi\Google fund\Analysis\2.source_code\Step5_Geo_RF_trial\Food_Crisis_Cluster\FEWSNETGeoXGBExperiment\src\customize\customize.py:401: FutureWarning: 'M' is deprecated and will be removed in a future version, please use 'ME' instead.
  if test_month.freq != 'M':

================================================================================
MONTHLY SPLIT | TEST=2019-10 | LAG=8 months
================================================================================
TRAIN: 2014-03-01 to 2019-01-31 (59 months, 82455 samples)
TEST:  2019-10-01 to 2019-10-31 (1 month, 5365 samples)
TRAIN ends 8 months before TEST | Gap ensures no leakage
Disjoint: TRAIN < 2019-02-01 <= ... <= 2019-10-01 <= TEST
================================================================================

h8_2019-10_G4_r80_s42_e1pair: fit passed
C:\Users\swl00\IFPRI Dropbox\Weilun Shi\Google fund\Analysis\2.source_code\Step5_Geo_RF_trial\Food_Crisis_Cluster\FEWSNETGeoXGBExperiment\src\customize\customize.py:401: FutureWarning: 'M' is deprecated and will be removed in a future version, please use 'ME' instead.
  if test_month.freq != 'M':

================================================================================
MONTHLY SPLIT | TEST=2020-02 | LAG=8 months
================================================================================
TRAIN: 2014-07-01 to 2019-05-31 (59 months, 82964 samples)
TEST:  2020-02-01 to 2020-02-29 (1 month, 5506 samples)
TRAIN ends 8 months before TEST | Gap ensures no leakage
Disjoint: TRAIN < 2019-06-01 <= ... <= 2020-02-01 <= TEST
================================================================================

h8_2020-02_G4_r80_s42_e1pair: fit passed
C:\Users\swl00\IFPRI Dropbox\Weilun Shi\Google fund\Analysis\2.source_code\Step5_Geo_RF_trial\Food_Crisis_Cluster\FEWSNETGeoXGBExperiment\src\customize\customize.py:401: FutureWarning: 'M' is deprecated and will be removed in a future version, please use 'ME' instead.
  if test_month.freq != 'M':

================================================================================
MONTHLY SPLIT | TEST=2020-06 | LAG=8 months
================================================================================
TRAIN: 2014-11-01 to 2019-09-30 (59 months, 78467 samples)
TEST:  2020-06-01 to 2020-06-30 (1 month, 5506 samples)
TRAIN ends 8 months before TEST | Gap ensures no leakage
Disjoint: TRAIN < 2019-10-01 <= ... <= 2020-06-01 <= TEST
================================================================================

h8_2020-06_G4_r80_s42_e1pair: fit passed
C:\Users\swl00\IFPRI Dropbox\Weilun Shi\Google fund\Analysis\2.source_code\Step5_Geo_RF_trial\Food_Crisis_Cluster\FEWSNETGeoXGBExperiment\src\customize\customize.py:401: FutureWarning: 'M' is deprecated and will be removed in a future version, please use 'ME' instead.
  if test_month.freq != 'M':

================================================================================
MONTHLY SPLIT | TEST=2018-06 | LAG=12 months
================================================================================
TRAIN: 2012-07-01 to 2017-05-31 (59 months, 89621 samples)
TEST:  2018-06-01 to 2018-06-30 (1 month, 5364 samples)
TRAIN ends 12 months before TEST | Gap ensures no leakage
Disjoint: TRAIN < 2017-06-01 <= ... <= 2018-06-01 <= TEST
================================================================================

h12_2018-06_G2_r80_s42_e1pair: fit passed
C:\Users\swl00\IFPRI Dropbox\Weilun Shi\Google fund\Analysis\2.source_code\Step5_Geo_RF_trial\Food_Crisis_Cluster\FEWSNETGeoXGBExperiment\src\customize\customize.py:401: FutureWarning: 'M' is deprecated and will be removed in a future version, please use 'ME' instead.
  if test_month.freq != 'M':

================================================================================
MONTHLY SPLIT | TEST=2018-10 | LAG=12 months
================================================================================
TRAIN: 2012-11-01 to 2017-09-30 (59 months, 85278 samples)
TEST:  2018-10-01 to 2018-10-31 (1 month, 5365 samples)
TRAIN ends 12 months before TEST | Gap ensures no leakage
Disjoint: TRAIN < 2017-10-01 <= ... <= 2018-10-01 <= TEST
================================================================================

h12_2018-10_G2_r80_s42_e1pair: fit passed
C:\Users\swl00\IFPRI Dropbox\Weilun Shi\Google fund\Analysis\2.source_code\Step5_Geo_RF_trial\Food_Crisis_Cluster\FEWSNETGeoXGBExperiment\src\customize\customize.py:401: FutureWarning: 'M' is deprecated and will be removed in a future version, please use 'ME' instead.
  if test_month.freq != 'M':

================================================================================
MONTHLY SPLIT | TEST=2019-02 | LAG=12 months
================================================================================
TRAIN: 2013-03-01 to 2018-01-31 (59 months, 85786 samples)
TEST:  2019-02-01 to 2019-02-28 (1 month, 5365 samples)
TRAIN ends 12 months before TEST | Gap ensures no leakage
Disjoint: TRAIN < 2018-02-01 <= ... <= 2019-02-01 <= TEST
================================================================================

h12_2019-02_G2_r80_s42_e1pair: fit passed
C:\Users\swl00\IFPRI Dropbox\Weilun Shi\Google fund\Analysis\2.source_code\Step5_Geo_RF_trial\Food_Crisis_Cluster\FEWSNETGeoXGBExperiment\src\customize\customize.py:401: FutureWarning: 'M' is deprecated and will be removed in a future version, please use 'ME' instead.
  if test_month.freq != 'M':

================================================================================
MONTHLY SPLIT | TEST=2019-06 | LAG=12 months
================================================================================
TRAIN: 2013-07-01 to 2018-05-31 (59 months, 86294 samples)
TEST:  2019-06-01 to 2019-06-30 (1 month, 5365 samples)
TRAIN ends 12 months before TEST | Gap ensures no leakage
Disjoint: TRAIN < 2018-06-01 <= ... <= 2019-06-01 <= TEST
================================================================================

h12_2019-06_G2_r80_s42_e1pair: fit passed
C:\Users\swl00\IFPRI Dropbox\Weilun Shi\Google fund\Analysis\2.source_code\Step5_Geo_RF_trial\Food_Crisis_Cluster\FEWSNETGeoXGBExperiment\src\customize\customize.py:401: FutureWarning: 'M' is deprecated and will be removed in a future version, please use 'ME' instead.
  if test_month.freq != 'M':

================================================================================
MONTHLY SPLIT | TEST=2019-10 | LAG=12 months
================================================================================
TRAIN: 2013-11-01 to 2018-09-30 (59 months, 81946 samples)
TEST:  2019-10-01 to 2019-10-31 (1 month, 5365 samples)
TRAIN ends 12 months before TEST | Gap ensures no leakage
Disjoint: TRAIN < 2018-10-01 <= ... <= 2019-10-01 <= TEST
================================================================================

h12_2019-10_G2_r80_s42_e1pair: fit passed
C:\Users\swl00\IFPRI Dropbox\Weilun Shi\Google fund\Analysis\2.source_code\Step5_Geo_RF_trial\Food_Crisis_Cluster\FEWSNETGeoXGBExperiment\src\customize\customize.py:401: FutureWarning: 'M' is deprecated and will be removed in a future version, please use 'ME' instead.
  if test_month.freq != 'M':

================================================================================
MONTHLY SPLIT | TEST=2020-02 | LAG=12 months
================================================================================
TRAIN: 2014-03-01 to 2019-01-31 (59 months, 82455 samples)
TEST:  2020-02-01 to 2020-02-29 (1 month, 5506 samples)
TRAIN ends 12 months before TEST | Gap ensures no leakage
Disjoint: TRAIN < 2019-02-01 <= ... <= 2020-02-01 <= TEST
================================================================================

h12_2020-02_G2_r80_s42_e1pair: fit passed
C:\Users\swl00\IFPRI Dropbox\Weilun Shi\Google fund\Analysis\2.source_code\Step5_Geo_RF_trial\Food_Crisis_Cluster\FEWSNETGeoXGBExperiment\src\customize\customize.py:401: FutureWarning: 'M' is deprecated and will be removed in a future version, please use 'ME' instead.
  if test_month.freq != 'M':

================================================================================
MONTHLY SPLIT | TEST=2020-06 | LAG=12 months
================================================================================
TRAIN: 2014-07-01 to 2019-05-31 (59 months, 82964 samples)
TEST:  2020-06-01 to 2020-06-30 (1 month, 5506 samples)
TRAIN ends 12 months before TEST | Gap ensures no leakage
Disjoint: TRAIN < 2019-06-01 <= ... <= 2020-06-01 <= TEST
================================================================================

h12_2020-06_G2_r80_s42_e1pair: fit passed
D52 binary root completed: C:\Users\swl00\geoxgb_runs\geoxgb-d52-binary-root-20261002
script exit 0 elapsed 161s
