2026-09-22T04:12:00Z run directory: C:\Users\swl00\IFPRI Dropbox\Weilun Shi\Google fund\Analysis\2.source_code\Step5_Geo_RF_trial\Food_Crisis_Cluster\IPCCHGeoRFExperiment\runs\abl-C6-chonly-gate005
2026-09-22T04:12:00Z preflight: hashing inputs and recording the runtime
2026-09-22T04:12:00Z baseline extracted and patched: 45 payload files verified
2026-09-22T04:12:01Z R1: building the target ledger
2026-09-22T04:12:21Z cohort ch_only: kept 18359 valid rows over 1308 areas; dropped 24336 rows over 4919 areas
2026-09-22T04:12:22Z R1 gate passed: 42695 valid / 15206 positive in 6227 areas
2026-09-22T04:12:22Z R3: assembling the 93-column feature matrix
2026-09-22T04:12:38Z R3: 73436 rows x 93 columns, origins 2013-01..2026-03
2026-09-22T04:12:38Z R2/Q8g: validating, repairing and building adjacency
2026-09-22T04:13:24Z R2: 5974 geometries untouched, 36 repaired in place, 217 areal components extracted under the D1 scope extension; 6227 polygons in the adjacency (1231 isolated)
2026-09-22T04:13:24Z R4/Q5a: splitting original 2014-2022 outcomes
2026-09-22T04:13:25Z R4 split gate not applicable under cohort ch_only; realized 5313 fit / 5778 validation outcomes, 105 singletons
2026-09-22T04:13:25Z Stage1 design: 44364 model rows (21252 fit / 23112 validation) across 1197 groups; targets up to 2022-09
2026-09-22T04:13:25Z Stage1: entering the pinned baseline
2026-09-22T04:13:27Z Q6c: imputer fitted on 21252 fitting rows; 0 columns were all-missing
2026-09-22T04:13:27Z Stage1 fit: X=(44364, 93), groups=1197, MIN_DEPTH=1, MAX_DEPTH=6, N_JOBS=4 (inherited, not pinned)
2026-09-22T04:13:48Z GeoRF.fit returned in 20.5s -> result_GeoRF
2026-09-22T04:13:48Z map: 4 terminal branches (depth<=3), 1197 learned areas, 0 default-root placeholders
2026-09-22T04:13:48Z Q5d: 1197 eligible donors
2026-09-22T04:13:48Z Q8r: 1197 learned + 335 donor-completed + 4695 unresolved = 6227
2026-09-22T04:13:48Z Q5v: scored 420 singleton views over 105 areas; class1 F1 = 0.8571428571428571
2026-09-22T04:13:48Z Stage3: rolling four-arm forecasts
2026-09-22T04:13:48Z Stage3 panel: 73436 rows over 1308 areas; persistence history on 66083 rows
2026-09-22T04:13:48Z R4 schedule: 122 main folds + 12 partial-2026 folds
2026-09-22T04:13:49Z Stage3 helpers: C:\Users\swl00\IFPRI Dropbox\Weilun Shi\Google fund\Analysis\2.source_code\Step5_Geo_RF_trial\Food_Crisis_Cluster\IPCCHGeoRFExperiment\runs\abl-C6-chonly-gate005\baseline\GeoRFBaseline\scripts\compare_partitioned_vs_pooled_rf_k40_nc4.py
2026-09-22T04:13:52Z   fold 10/134 h1_2023-11 (4s elapsed)
2026-09-22T04:14:00Z   fold 20/134 h1_2024-09 (11s elapsed)
2026-09-22T04:14:07Z   fold 30/134 h1_2025-07 (19s elapsed)
2026-09-22T04:14:11Z   fold 40/134 h3_2023-08 (23s elapsed)
2026-09-22T04:14:19Z   fold 50/134 h3_2024-06 (30s elapsed)
2026-09-22T04:14:31Z   fold 60/134 h3_2025-04 (42s elapsed)
2026-09-22T04:14:35Z   fold 70/134 h6_2023-08 (47s elapsed)
2026-09-22T04:14:44Z   fold 80/134 h6_2024-06 (55s elapsed)
2026-09-22T04:14:56Z   fold 90/134 h6_2025-04 (67s elapsed)
2026-09-22T04:15:04Z   fold 100/134 h12_2024-02 (75s elapsed)
2026-09-22T04:15:07Z   fold 110/134 h12_2024-12 (79s elapsed)
2026-09-22T04:15:19Z   fold 120/134 h12_2025-10 (90s elapsed)
2026-09-22T04:15:48Z   fold 130/134 h6_2026-02 (119s elapsed)
2026-09-22T04:16:03Z   fold 134/134 h12_2026-04 (135s elapsed)
2026-09-22T04:16:05Z Stage3: 35 fitted folds / 99 empty of 134 scheduled; 22564 prediction rows in 135s
2026-09-22T04:16:05Z stage 1 and stage 3 finished; reporting is a separate entry point
