2026-09-21T18:15:45Z run directory: C:\Users\swl00\IFPRI Dropbox\Weilun Shi\Google fund\Analysis\2.source_code\Step5_Geo_RF_trial\Food_Crisis_Cluster\IPCCHGeoRFExperiment\runs\abl-C3-nonch-gate010
2026-09-21T18:15:45Z preflight: hashing inputs and recording the runtime
2026-09-21T18:15:46Z baseline extracted and patched: 45 payload files verified
2026-09-21T18:15:47Z R1: building the target ledger
2026-09-21T18:16:07Z cohort non_ch: kept 24336 valid rows over 4919 areas; dropped 18359 rows over 1308 areas
2026-09-21T18:16:08Z R1 gate passed: 42695 valid / 15206 positive in 6227 areas
2026-09-21T18:16:08Z R3: assembling the 93-column feature matrix
2026-09-21T18:16:24Z R3: 97344 rows x 93 columns, origins 2016-01..2026-03
2026-09-21T18:16:24Z R2/Q8g: validating, repairing and building adjacency
2026-09-21T18:17:12Z R2: 5974 geometries untouched, 36 repaired in place, 217 areal components extracted under the D1 scope extension; 6227 polygons in the adjacency (1231 isolated)
2026-09-21T18:17:12Z R4/Q5a: splitting original 2014-2022 outcomes
2026-09-21T18:17:12Z R4 split gate not applicable under cohort non_ch; realized 3248 fit / 3780 validation outcomes, 1367 singletons
2026-09-21T18:17:12Z Stage1 design: 28112 model rows (12992 fit / 15120 validation) across 2067 groups; targets up to 2022-10
2026-09-21T18:17:12Z Stage1: entering the pinned baseline
2026-09-21T18:17:15Z Q6c: imputer fitted on 12992 fitting rows; 0 columns were all-missing
2026-09-21T18:17:15Z Stage1 fit: X=(28112, 93), groups=2067, MIN_DEPTH=1, MAX_DEPTH=6, N_JOBS=4 (inherited, not pinned)
2026-09-21T18:17:25Z GeoRF.fit returned in 9.4s -> result_GeoRF
2026-09-21T18:17:25Z map: 1 terminal branches (depth<=0), 2067 learned areas, 0 default-root placeholders
2026-09-21T18:17:25Z NULL PARTITION: no split passed the strict >.01 class-1 F1 gate; the learned map is the root branch alone and every area, learned or completed, routes to the same root model
2026-09-21T18:17:25Z Q5d: 2067 eligible donors
2026-09-21T18:17:25Z Q8r: 2067 learned + 2350 donor-completed + 1810 unresolved = 6227
2026-09-21T18:17:25Z Q5v: scored 5468 singleton views over 1367 areas; class1 F1 = 0.6317280453257791
2026-09-21T18:17:25Z Stage3: rolling four-arm forecasts
2026-09-21T18:17:25Z Stage3 panel: 97344 rows over 4916 areas; persistence history on 73484 rows
2026-09-21T18:17:25Z R4 schedule: 122 main folds + 16 partial-2026 folds
2026-09-21T18:17:25Z DEGENERATE CONTRAST: Stage 1 accepted no split, so the map holds ONE terminal partition. The partitioned-minus-pooled delta therefore does not isolate spatial heterogeneity: it reduces to one local model trained on 4417 assigned areas versus one pooled model trained on all 6227. A nonzero delta is a training-set-size effect, not evidence of spatial structure.
2026-09-21T18:17:26Z Stage3 helpers: C:\Users\swl00\IFPRI Dropbox\Weilun Shi\Google fund\Analysis\2.source_code\Step5_Geo_RF_trial\Food_Crisis_Cluster\IPCCHGeoRFExperiment\runs\abl-C3-nonch-gate010\baseline\GeoRFBaseline\scripts\compare_partitioned_vs_pooled_rf_k40_nc4.py
2026-09-21T18:18:04Z   fold 10/138 h1_2023-11 (39s elapsed)
2026-09-21T18:18:45Z   fold 20/138 h1_2024-09 (79s elapsed)
2026-09-21T18:19:26Z   fold 30/138 h1_2025-07 (121s elapsed)
2026-09-21T18:19:59Z   fold 40/138 h3_2023-08 (154s elapsed)
2026-09-21T18:20:33Z   fold 50/138 h3_2024-06 (188s elapsed)
2026-09-21T18:21:08Z   fold 60/138 h3_2025-04 (223s elapsed)
2026-09-21T18:21:44Z   fold 70/138 h6_2023-08 (258s elapsed)
2026-09-21T18:22:18Z   fold 80/138 h6_2024-06 (293s elapsed)
2026-09-21T18:22:51Z   fold 90/138 h6_2025-04 (326s elapsed)
2026-09-21T18:23:28Z   fold 100/138 h12_2024-02 (363s elapsed)
2026-09-21T18:24:04Z   fold 110/138 h12_2024-12 (399s elapsed)
2026-09-21T18:24:42Z   fold 120/138 h12_2025-10 (437s elapsed)
2026-09-21T18:25:33Z   fold 130/138 h3_2026-04 (487s elapsed)
2026-09-21T18:26:15Z   fold 138/138 h12_2026-04 (530s elapsed)
2026-09-21T18:26:19Z Stage3: 126 fitted folds / 12 empty of 138 scheduled; 58545 prediction rows in 530s
2026-09-21T18:26:20Z stage 1 and stage 3 finished; reporting is a separate entry point
