2026-09-20T13:20:26Z run directory: C:\Users\swl00\IFPRI Dropbox\Weilun Shi\Google fund\Analysis\2.source_code\Step5_Geo_RF_trial\Food_Crisis_Cluster\IPCCHGeoRFExperiment\runs\ipcch-stage1-20260920c
2026-09-20T13:20:26Z preflight: hashing inputs and recording the runtime
2026-09-20T13:20:26Z baseline extracted and patched: 45 payload files verified
2026-09-20T13:20:27Z R1: building the target ledger
2026-09-20T13:20:42Z R1 gate passed: 42695 valid / 15206 positive in 6227 areas
2026-09-20T13:20:42Z R3: assembling the 93-column feature matrix
2026-09-20T13:20:57Z R3: 170780 rows x 93 columns, origins 2013-01..2026-03
2026-09-20T13:20:57Z R2/Q8g: validating, repairing and building adjacency
2026-09-20T13:21:40Z R2: 5974 geometries untouched, 36 repaired in place, 217 areal components extracted under the D1 scope extension; 6227 polygons in the adjacency (1231 isolated)
2026-09-20T13:21:40Z R4/Q5a: splitting original 2014-2022 outcomes
2026-09-20T13:21:40Z R4 gate passed: 8561 fit / 9558 validation outcomes, 1472 singletons
2026-09-20T13:21:41Z Stage1 design: 72476 model rows (34244 fit / 38232 validation) across 3264 groups; targets up to 2022-10
2026-09-20T13:21:41Z Stage1: entering the pinned baseline
2026-09-20T13:21:42Z Q6c: imputer fitted on 34244 fitting rows; 0 columns were all-missing
2026-09-20T13:21:42Z Stage1 fit: X=(72476, 93), groups=3264, MIN_DEPTH=1, MAX_DEPTH=6, N_JOBS=4 (inherited, not pinned)
2026-09-20T13:22:01Z GeoRF.fit returned in 18.8s -> result_GeoRF
2026-09-20T13:22:01Z map: 1 terminal branches (depth<=0), 3264 learned areas, 0 default-root placeholders
2026-09-20T13:22:01Z NULL PARTITION: no split passed the strict >.01 class-1 F1 gate; the learned map is the root branch alone and every area, learned or completed, routes to the same root model
2026-09-20T13:22:01Z Q5d: 3264 eligible donors
2026-09-20T13:22:01Z Q8r: 3264 learned + 2367 donor-completed + 596 unresolved = 6227
2026-09-20T13:22:01Z Q5v: scored 5888 singleton views over 1472 areas; class1 F1 = 0.6295594504973946
2026-09-20T13:22:01Z stage 1 finished
